// Vitest Snapshot v1, https://vitest.dev/guide/snapshot.html

exports[`can list articles 1`] = `
[
  {
    "authors": [],
    "blurb": "",
    "cover": null,
    "created_at": "2022-01-01",
    "desk": {
      "desk": null,
      "id": "1",
      "name": "desk",
      "slug": "desk",
    },
    "document": null,
    "featured": false,
    "id": "1",
    "published": true,
    "published_at": "2020-01-01",
    "seo": null,
    "slug": "slug",
    "stage": {
      "ready": true,
    },
    "title": "title",
  },
  {
    "authors": [],
    "blurb": "",
    "cover": null,
    "created_at": "2022-01-01",
    "desk": {
      "desk": null,
      "id": "1",
      "name": "desk",
      "slug": "desk",
    },
    "document": null,
    "featured": false,
    "id": "7",
    "published": true,
    "published_at": "2020-01-01",
    "seo": null,
    "slug": "slug",
    "stage": {
      "ready": true,
    },
    "title": "title",
  },
  {
    "authors": [],
    "blurb": "",
    "cover": null,
    "created_at": "2022-01-01",
    "desk": {
      "desk": null,
      "id": "4",
      "name": "desk",
      "slug": "desk",
    },
    "document": null,
    "featured": false,
    "id": "2",
    "published": true,
    "published_at": "2020-01-01",
    "seo": null,
    "slug": "slug",
    "stage": {
      "ready": true,
    },
    "title": "title",
  },
  {
    "authors": [],
    "blurb": "",
    "cover": null,
    "created_at": "2022-01-01",
    "desk": {
      "desk": null,
      "id": "4",
      "name": "desk",
      "slug": "desk",
    },
    "document": null,
    "featured": false,
    "id": "4",
    "published": true,
    "published_at": "2020-01-01",
    "seo": null,
    "slug": "slug",
    "stage": {
      "ready": true,
    },
    "title": "title",
  },
  {
    "authors": [],
    "blurb": "",
    "cover": null,
    "created_at": "2022-01-01",
    "desk": {
      "desk": null,
      "id": "5",
      "name": "desk",
      "slug": "desk",
    },
    "document": null,
    "featured": false,
    "id": "5",
    "published": true,
    "published_at": "2020-01-01",
    "seo": null,
    "slug": "slug",
    "stage": {
      "ready": true,
    },
    "title": "title",
  },
  {
    "authors": [],
    "blurb": "",
    "cover": null,
    "created_at": "2022-01-01",
    "desk": {
      "desk": null,
      "id": "4",
      "name": "desk",
      "slug": "desk",
    },
    "document": null,
    "featured": false,
    "id": "8",
    "published": true,
    "published_at": "2020-01-01",
    "seo": null,
    "slug": "slug",
    "stage": {
      "ready": true,
    },
    "title": "title",
  },
  {
    "authors": [],
    "blurb": "",
    "cover": null,
    "created_at": "2022-01-01",
    "desk": {
      "desk": null,
      "id": "4",
      "name": "desk",
      "slug": "desk",
    },
    "document": null,
    "featured": false,
    "id": "10",
    "published": true,
    "published_at": "2020-01-01",
    "seo": null,
    "slug": "slug",
    "stage": {
      "ready": true,
    },
    "title": "title",
  },
  {
    "authors": [],
    "blurb": "",
    "cover": null,
    "created_at": "2022-01-01",
    "desk": {
      "desk": null,
      "id": "6",
      "name": "desk",
      "slug": "desk",
    },
    "document": null,
    "featured": false,
    "id": "3",
    "published": true,
    "published_at": "2020-01-01",
    "seo": null,
    "slug": "slug",
    "stage": {
      "ready": true,
    },
    "title": "title",
  },
  {
    "authors": [],
    "blurb": "",
    "cover": null,
    "created_at": "2022-01-01",
    "desk": {
      "desk": null,
      "id": "6",
      "name": "desk",
      "slug": "desk",
    },
    "document": null,
    "featured": false,
    "id": "6",
    "published": true,
    "published_at": "2020-01-01",
    "seo": null,
    "slug": "slug",
    "stage": {
      "ready": true,
    },
    "title": "title",
  },
  {
    "authors": [],
    "blurb": "",
    "cover": null,
    "created_at": "2022-01-01",
    "desk": {
      "desk": null,
      "id": "6",
      "name": "desk",
      "slug": "desk",
    },
    "document": null,
    "featured": false,
    "id": "9",
    "published": true,
    "published_at": "2020-01-01",
    "seo": null,
    "slug": "slug",
    "stage": {
      "ready": true,
    },
    "title": "title",
  },
  {
    "authors": [],
    "blurb": "",
    "cover": null,
    "created_at": "2022-01-01",
    "desk": {
      "desk": null,
      "id": "1",
      "name": "desk",
      "slug": "desk",
    },
    "document": null,
    "featured": false,
    "id": "1",
    "published": true,
    "published_at": "2020-01-01",
    "seo": null,
    "slug": "slug",
    "stage": {
      "ready": true,
    },
    "title": "title",
  },
  {
    "authors": [],
    "blurb": "",
    "cover": null,
    "created_at": "2022-01-01",
    "desk": {
      "desk": null,
      "id": "4",
      "name": "desk",
      "slug": "desk",
    },
    "document": null,
    "featured": false,
    "id": "2",
    "published": true,
    "published_at": "2020-01-01",
    "seo": null,
    "slug": "slug",
    "stage": {
      "ready": true,
    },
    "title": "title",
  },
  {
    "authors": [],
    "blurb": "",
    "cover": null,
    "created_at": "2022-01-01",
    "desk": {
      "desk": null,
      "id": "6",
      "name": "desk",
      "slug": "desk",
    },
    "document": null,
    "featured": false,
    "id": "3",
    "published": true,
    "published_at": "2020-01-01",
    "seo": null,
    "slug": "slug",
    "stage": {
      "ready": true,
    },
    "title": "title",
  },
  {
    "authors": [],
    "blurb": "",
    "cover": null,
    "created_at": "2022-01-01",
    "desk": {
      "desk": null,
      "id": "4",
      "name": "desk",
      "slug": "desk",
    },
    "document": null,
    "featured": false,
    "id": "4",
    "published": true,
    "published_at": "2020-01-01",
    "seo": null,
    "slug": "slug",
    "stage": {
      "ready": true,
    },
    "title": "title",
  },
  {
    "authors": [],
    "blurb": "",
    "cover": null,
    "created_at": "2022-01-01",
    "desk": {
      "desk": null,
      "id": "5",
      "name": "desk",
      "slug": "desk",
    },
    "document": null,
    "featured": false,
    "id": "5",
    "published": true,
    "published_at": "2020-01-01",
    "seo": null,
    "slug": "slug",
    "stage": {
      "ready": true,
    },
    "title": "title",
  },
  {
    "authors": [],
    "blurb": "",
    "cover": null,
    "created_at": "2022-01-01",
    "desk": {
      "desk": null,
      "id": "6",
      "name": "desk",
      "slug": "desk",
    },
    "document": null,
    "featured": false,
    "id": "6",
    "published": true,
    "published_at": "2020-01-01",
    "seo": null,
    "slug": "slug",
    "stage": {
      "ready": true,
    },
    "title": "title",
  },
  {
    "authors": [],
    "blurb": "",
    "cover": null,
    "created_at": "2022-01-01",
    "desk": {
      "desk": null,
      "id": "1",
      "name": "desk",
      "slug": "desk",
    },
    "document": null,
    "featured": false,
    "id": "7",
    "published": true,
    "published_at": "2020-01-01",
    "seo": null,
    "slug": "slug",
    "stage": {
      "ready": true,
    },
    "title": "title",
  },
  {
    "authors": [],
    "blurb": "",
    "cover": null,
    "created_at": "2022-01-01",
    "desk": {
      "desk": null,
      "id": "4",
      "name": "desk",
      "slug": "desk",
    },
    "document": null,
    "featured": false,
    "id": "8",
    "published": true,
    "published_at": "2020-01-01",
    "seo": null,
    "slug": "slug",
    "stage": {
      "ready": true,
    },
    "title": "title",
  },
  {
    "authors": [],
    "blurb": "",
    "cover": null,
    "created_at": "2022-01-01",
    "desk": {
      "desk": null,
      "id": "6",
      "name": "desk",
      "slug": "desk",
    },
    "document": null,
    "featured": false,
    "id": "9",
    "published": true,
    "published_at": "2020-01-01",
    "seo": null,
    "slug": "slug",
    "stage": {
      "ready": true,
    },
    "title": "title",
  },
  {
    "authors": [],
    "blurb": "",
    "cover": null,
    "created_at": "2022-01-01",
    "desk": {
      "desk": null,
      "id": "4",
      "name": "desk",
      "slug": "desk",
    },
    "document": null,
    "featured": false,
    "id": "10",
    "published": true,
    "published_at": "2020-01-01",
    "seo": null,
    "slug": "slug",
    "stage": {
      "ready": true,
    },
    "title": "title",
  },
]
`;
