// Vitest Snapshot v1, https://vitest.dev/guide/snapshot.html

exports[`handle freezed array 1`] = `"[["FreezedArray",1],[2,4],[3],1,[5],2]"`;

exports[`handle freezed object 1`] = `"[["FreezedObject",1],{"a":2},{"b":3},1]"`;
