// Vitest Snapshot v1, https://vitest.dev/guide/snapshot.html

exports[`have same html structure between bookmark.vue and render-resource-impl.jsx 1`] = `"<div class="clear-both opacity-100 relative" data-format="resource" data-meta="{&quot;url&quot;:&quot;#&quot;,&quot;title&quot;:&quot;title&quot;,&quot;thumbnail&quot;:&quot;thumbnail&quot;,&quot;publisher&quot;:&quot;publisher&quot;,&quot;icon&quot;:&quot;icon&quot;,&quot;description&quot;:&quot;description&quot;,&quot;author&quot;:&quot;Author&quot;,&quot;aspectRadio&quot;:1,&quot;html&quot;:&quot;<div>title</div>&quot;}" data-type="bookmark"><a class="bookmark__link"><div class="absolute inset-0 z-10"></div><figure><div class="bookmark__link"><div><div>title</div></div></div><figcaption class="text-center"></figcaption></figure></a></div>"`;

exports[`have same html structure between bookmark.vue and render-resource-impl.jsx 2`] = `"<div class="absolute inset-0 z-10"></div><figure><div class="bookmark__link"><div><div>title</div></div></div><figcaption class="text-center"></figcaption></figure>"`;

exports[`have same html structure between bookmark.vue and render-resource-impl.jsx 3`] = `"<div class="relative w-full"><div><div>title</div></div><div class="absolute inset-0 h-full w-full"></div></div>"`;

exports[`render success for a lot of empty data 1`] = `"<div class="clear-both opacity-100 relative" data-format="resource" data-meta="{&quot;title&quot;:&quot;Chairman's Letter - 1980&quot;,&quot;description&quot;:&quot;&quot;,&quot;author&quot;:&quot;&quot;,&quot;icon&quot;:&quot;&quot;,&quot;url&quot;:&quot;https://www.berkshirehathaway.com/letters/1980.html&quot;,&quot;thumbnail&quot;:&quot;&quot;,&quot;aspectRadio&quot;:1}" data-type="bookmark"><a class="bookmark__link"><div class="absolute inset-0 z-10"></div><figure><a class="bookmark__link" href="https://www.berkshirehathaway.com/letters/1980.html"><div class="bookmark"><div class="bookmark__info"><div class="bookmark__headline">Chairman's Letter - 1980</div><div class="bookmark__description"><div class="bookmark__content"></div></div><div class="bookmark__meta"><span></span></div></div></div></a><figcaption class="text-center"></figcaption></figure></a></div>"`;

exports[`render success when no author 1`] = `"<div class="clear-both opacity-100 relative" data-format="resource" data-meta="{&quot;url&quot;:&quot;#&quot;,&quot;title&quot;:&quot;title&quot;,&quot;thumbnail&quot;:&quot;thumbnail&quot;,&quot;publisher&quot;:&quot;publisher&quot;,&quot;icon&quot;:&quot;icon&quot;,&quot;html&quot;:&quot;<div>foo</div>&quot;,&quot;description&quot;:&quot;description&quot;,&quot;author&quot;:null,&quot;aspectRadio&quot;:1}" data-type="bookmark"><a class="bookmark__link"><div class="absolute inset-0 z-10"></div><figure><div class="bookmark__link"><div><div>foo</div></div></div><figcaption class="text-center"></figcaption></figure></a></div>"`;

exports[`render success when no html 1`] = `"<div class="clear-both opacity-100 relative" data-format="resource" data-meta="{&quot;url&quot;:&quot;#&quot;,&quot;title&quot;:&quot;title&quot;,&quot;thumbnail&quot;:&quot;thumbnail&quot;,&quot;publisher&quot;:&quot;publisher&quot;,&quot;icon&quot;:&quot;icon&quot;,&quot;html&quot;:&quot;&quot;,&quot;description&quot;:&quot;description&quot;,&quot;author&quot;:null,&quot;aspectRadio&quot;:1}" data-type="bookmark"><a class="bookmark__link"><div class="absolute inset-0 z-10"></div><figure><div class="bookmark__link"></div><figcaption class="text-center"></figcaption></figure></a></div>"`;
